Drill report for GEA-Adapter-Rev3.kicad_pcb
Created on 2026-09-15T13:58:22-0400

Copper Layer Stackup:
    =============================================================
    L1 :  F.Cu                      front
    L2 :  In1.Cu                    in1
    L3 :  In2.Cu                    in2
    L4 :  B.Cu                      back


Drill file 'GEA-Adapter-Rev3-PTH.drl' contains
    plated through holes:
    =============================================================
    T1  0.300mm  0.0118"  (12 holes)
    T2  0.400mm  0.0157"  (178 holes)
    T3  0.600mm  0.0236"  (4 holes)  (with 4 slots)
    T4  0.900mm  0.0354"  (8 holes)

    Total plated holes count 202


Drill file 'GEA-Adapter-Rev3-NPTH.drl' contains
    unplated through holes:
    =============================================================
    T1  0.650mm  0.0256"  (2 holes)
    T2  3.200mm  0.1260"  (4 holes)

    Total unplated holes count 6
